[2026-05-13T20:31:39.218Z] Starting ARC Points bot...
[2026-05-13T20:31:40.985Z] Navigating to community.arc.network...
[2026-05-13T20:31:46.426Z] Attempting login...
[2026-05-13T20:31:56.428Z] ERROR: locator.waitFor: Timeout 10000ms exceeded.
Call log:
  - waiting for locator('input[type="email"], input[name="email"], input[placeholder*="email"]').first() to be visible

[2026-05-13T20:31:56.578Z] Screenshot saved to logs/error.png
[2026-05-14T10:03:13.226Z] Starting ARC Points bot...
[2026-05-14T10:03:13.428Z] Navigating to community.arc.network...
[2026-05-14T10:03:18.488Z] Attempting login...
[2026-05-14T10:03:28.489Z] ERROR: locator.waitFor: Timeout 10000ms exceeded.
Call log:
  - waiting for locator('input[type="email"], input[name="email"], input[placeholder*="email"]').first() to be visible

[2026-05-14T10:03:28.639Z] Screenshot saved to logs/error.png
[2026-05-15T10:10:32.743Z] Starting ARC Points bot...
[2026-05-15T10:10:33.570Z] Navigating to community.arc.network...
[2026-05-15T10:10:40.306Z] Attempting login...
[2026-05-15T10:10:50.308Z] ERROR: locator.waitFor: Timeout 10000ms exceeded.
Call log:
  - waiting for locator('input[type="email"], input[name="email"], input[placeholder*="email"]').first() to be visible

[2026-05-15T10:10:50.482Z] Screenshot saved to logs/error.png
[2026-05-16T09:17:55.652Z] Starting ARC Points bot...
[2026-05-16T09:17:57.707Z] Navigating to community.arc.network...
[2026-05-16T09:18:03.612Z] Attempting login...
[2026-05-16T09:18:13.613Z] ERROR: locator.waitFor: Timeout 10000ms exceeded.
Call log:
  - waiting for locator('input[type="email"], input[name="email"], input[placeholder*="email"]').first() to be visible

[2026-05-16T09:18:13.793Z] Screenshot saved to logs/error.png
[2026-05-17T09:25:59.282Z] Starting ARC Points bot...
[2026-05-17T09:25:59.999Z] Navigating to community.arc.network...
[2026-05-17T09:26:06.837Z] Attempting login...
[2026-05-17T09:26:16.839Z] ERROR: locator.waitFor: Timeout 10000ms exceeded.
Call log:
  - waiting for locator('input[type="email"], input[name="email"], input[placeholder*="email"]').first() to be visible

[2026-05-17T09:26:16.984Z] Screenshot saved to logs/error.png
[2026-05-18T11:35:06.991Z] Starting ARC Points bot...
[2026-05-18T11:35:07.206Z] Navigating to community.arc.network...
[2026-05-18T11:35:12.261Z] Attempting login...
[2026-05-18T11:35:22.264Z] ERROR: locator.waitFor: Timeout 10000ms exceeded.
Call log:
  - waiting for locator('input[type="email"], input[name="email"], input[placeholder*="email"]').first() to be visible

[2026-05-18T11:35:22.399Z] Screenshot saved to logs/error.png
[2026-05-19T10:51:50.615Z] Starting ARC Points bot...
[2026-05-19T10:51:52.240Z] Navigating to community.arc.network...
[2026-05-19T10:51:59.043Z] Attempting login...
[2026-05-19T10:52:09.044Z] ERROR: locator.waitFor: Timeout 10000ms exceeded.
Call log:
  - waiting for locator('input[type="email"], input[name="email"], input[placeholder*="email"]').first() to be visible

[2026-05-19T10:52:09.210Z] Screenshot saved to logs/error.png
[2026-05-20T10:39:41.712Z] Starting ARC Points bot...
[2026-05-20T10:39:41.931Z] Navigating to community.arc.network...
[2026-05-20T10:39:48.551Z] Attempting login...
[2026-05-20T10:39:58.552Z] ERROR: locator.waitFor: Timeout 10000ms exceeded.
Call log:
  - waiting for locator('input[type="email"], input[name="email"], input[placeholder*="email"]').first() to be visible

[2026-05-20T10:39:58.746Z] Screenshot saved to logs/error.png
[2026-05-21T10:56:30.051Z] Starting ARC Points bot...
[2026-05-21T10:56:31.932Z] Navigating to community.arc.network...
[2026-05-21T10:56:38.923Z] Attempting login...
[2026-05-21T10:56:48.925Z] ERROR: locator.waitFor: Timeout 10000ms exceeded.
Call log:
  - waiting for locator('input[type="email"], input[name="email"], input[placeholder*="email"]').first() to be visible

[2026-05-21T10:56:49.098Z] Screenshot saved to logs/error.png
[2026-05-22T10:39:53.816Z] Starting ARC Points bot...
[2026-05-22T10:39:56.560Z] Navigating to community.arc.network...
[2026-05-22T10:40:03.103Z] Attempting login...
[2026-05-22T10:40:13.105Z] ERROR: locator.waitFor: Timeout 10000ms exceeded.
Call log:
  - waiting for locator('input[type="email"], input[name="email"], input[placeholder*="email"]').first() to be visible

[2026-05-22T10:40:13.270Z] Screenshot saved to logs/error.png
[2026-05-23T09:30:06.520Z] Starting ARC Points bot...
[2026-05-23T09:30:08.439Z] Navigating to community.arc.network...
[2026-05-23T09:30:14.080Z] Attempting login...
[2026-05-23T09:30:24.082Z] ERROR: locator.waitFor: Timeout 10000ms exceeded.
Call log:
  - waiting for locator('input[type="email"], input[name="email"], input[placeholder*="email"]').first() to be visible

[2026-05-23T09:30:24.236Z] Screenshot saved to logs/error.png
[2026-05-24T09:45:59.276Z] Starting ARC Points bot...
[2026-05-24T09:45:59.479Z] Navigating to community.arc.network...
[2026-05-24T09:46:06.063Z] Attempting login...
[2026-05-24T09:46:16.065Z] ERROR: locator.waitFor: Timeout 10000ms exceeded.
Call log:
  - waiting for locator('input[type="email"], input[name="email"], input[placeholder*="email"]').first() to be visible

[2026-05-24T09:46:16.193Z] Screenshot saved to logs/error.png
[2026-05-25T11:40:30.546Z] Starting ARC Points bot...
[2026-05-25T11:40:31.997Z] Navigating to community.arc.network...
[2026-05-25T11:40:38.128Z] Attempting login...
[2026-05-25T11:40:48.129Z] ERROR: locator.waitFor: Timeout 10000ms exceeded.
Call log:
  - waiting for locator('input[type="email"], input[name="email"], input[placeholder*="email"]').first() to be visible

[2026-05-25T11:40:48.291Z] Screenshot saved to logs/error.png
[2026-05-27T11:26:07.076Z] Starting ARC Points bot...
[2026-05-27T11:26:07.282Z] Navigating to community.arc.network...
[2026-05-27T11:26:14.099Z] Attempting login...
[2026-05-27T11:26:24.101Z] ERROR: locator.waitFor: Timeout 10000ms exceeded.
Call log:
  - waiting for locator('input[type="email"], input[name="email"], input[placeholder*="email"]').first() to be visible

[2026-05-27T11:26:24.276Z] Screenshot saved to logs/error.png
[2026-05-28T11:26:55.841Z] Starting ARC Points bot...
[2026-05-28T11:26:57.135Z] Navigating to community.arc.network...
[2026-05-28T11:27:03.891Z] Attempting login...
[2026-05-28T11:27:13.893Z] ERROR: locator.waitFor: Timeout 10000ms exceeded.
Call log:
  - waiting for locator('input[type="email"], input[name="email"], input[placeholder*="email"]').first() to be visible

[2026-05-28T11:27:14.035Z] Screenshot saved to logs/error.png
[2026-05-29T11:00:46.799Z] Starting ARC Points bot...
[2026-05-29T11:00:47.948Z] Navigating to community.arc.network...
[2026-05-29T11:00:54.316Z] Attempting login...
[2026-05-29T11:01:04.317Z] ERROR: locator.waitFor: Timeout 10000ms exceeded.
Call log:
  - waiting for locator('input[type="email"], input[name="email"], input[placeholder*="email"]').first() to be visible

[2026-05-29T11:01:04.462Z] Screenshot saved to logs/error.png
[2026-05-30T09:47:30.008Z] Starting ARC Points bot...
[2026-05-30T09:47:31.599Z] Navigating to community.arc.network...
[2026-05-30T09:47:37.237Z] Attempting login...
[2026-05-30T09:47:47.239Z] ERROR: locator.waitFor: Timeout 10000ms exceeded.
Call log:
  - waiting for locator('input[type="email"], input[name="email"], input[placeholder*="email"]').first() to be visible

[2026-05-30T09:47:47.402Z] Screenshot saved to logs/error.png
[2026-05-31T10:05:37.313Z] Starting ARC Points bot...
[2026-05-31T10:05:38.955Z] Navigating to community.arc.network...
[2026-05-31T10:05:44.263Z] Attempting login...
[2026-05-31T10:05:54.265Z] ERROR: locator.waitFor: Timeout 10000ms exceeded.
Call log:
  - waiting for locator('input[type="email"], input[name="email"], input[placeholder*="email"]').first() to be visible

[2026-05-31T10:05:54.415Z] Screenshot saved to logs/error.png
[2026-06-01T13:24:54.822Z] Starting ARC Points bot...
[2026-06-01T13:24:56.949Z] Navigating to community.arc.network...
[2026-06-01T13:25:03.538Z] Attempting login...
[2026-06-01T13:25:13.541Z] ERROR: locator.waitFor: Timeout 10000ms exceeded.
Call log:
  - waiting for locator('input[type="email"], input[name="email"], input[placeholder*="email"]').first() to be visible

[2026-06-01T13:25:13.714Z] Screenshot saved to logs/error.png
